### BTest baseline data generated by btest-diff. Do not edit. Use "btest -U/-u" to update. Requires BTest >= 0.63.
[debug/ast-stats] garbage collected 1060 nodes in 12 rounds, 7733 left retained
[debug/ast-stats] garbage collected 282 nodes in 11 rounds, 8796 left retained
[debug/ast-stats] garbage collected 70 nodes in 2 rounds, 9152 left retained
[debug/ast-stats] garbage collected 70 nodes in 2 rounds, 9152 left retained
[debug/ast-stats] # [Spicy] AST statistics:
[debug/ast-stats]   - # AST rounds 4
[debug/ast-stats]   - max tree depth: 16
[debug/ast-stats]   - # context declarations: 60
[debug/ast-stats]   - # context types: 43
[debug/ast-stats]   - # context modules: 4
[debug/ast-stats]   - # nodes reachable in AST: 2699
[debug/ast-stats]   - # nodes live: 9152
[debug/ast-stats]   - # nodes retained: 9152
[debug/ast-stats]   - # nodes live > 1%:
[debug/ast-stats]     - Attribute: 162
[debug/ast-stats]     - AttributeSet: 304
[debug/ast-stats]     - QualifiedType: 3094
[debug/ast-stats]     - ctor::String: 110
[debug/ast-stats]     - declaration::Parameter: 127
[debug/ast-stats]     - expression::Ctor: 194
[debug/ast-stats]     - type::Bool: 155
[debug/ast-stats]     - type::Bytes: 116
[debug/ast-stats]     - type::Function: 123
[debug/ast-stats]     - type::Member: 163
[debug/ast-stats]     - type::OperandList: 658
[debug/ast-stats]     - type::String: 190
[debug/ast-stats]     - type::Unknown: 155
[debug/ast-stats]     - type::UnsignedInteger: 494
[debug/ast-stats]     - type::Void: 107
[debug/ast-stats]     - type::bytes::Iterator: 144
[debug/ast-stats]     - type::operand_list::Operand: 1228
[debug/ast-stats]     - type::stream::Iterator: 133
[debug/ast-stats] garbage collected 5080 nodes in 12 rounds, 17527 left retained
[debug/ast-stats] garbage collected 2884 nodes in 16 rounds, 20353 left retained
[debug/ast-stats] garbage collected 1582 nodes in 8 rounds, 21250 left retained
[debug/ast-stats] garbage collected 3397 nodes in 11 rounds, 22043 left retained
[debug/ast-stats] garbage collected 286 nodes in 3 rounds, 22043 left retained
[debug/ast-stats] # [HILTI] AST statistics:
[debug/ast-stats]   - # AST rounds 5
[debug/ast-stats]   - max tree depth: 27
[debug/ast-stats]   - # context declarations: 189
[debug/ast-stats]   - # context types: 49
[debug/ast-stats]   - # context modules: 6
[debug/ast-stats]   - # nodes reachable in AST: 14148
[debug/ast-stats]   - # nodes live: 22043
[debug/ast-stats]   - # nodes retained: 22043
[debug/ast-stats]   - # nodes live > 1%:
[debug/ast-stats]     - Attribute: 247
[debug/ast-stats]     - AttributeSet: 580
[debug/ast-stats]     - QualifiedType: 7253
[debug/ast-stats]     - ctor::String: 288
[debug/ast-stats]     - declaration::Parameter: 296
[debug/ast-stats]     - expression::Ctor: 693
[debug/ast-stats]     - expression::Name: 736
[debug/ast-stats]     - type::Bool: 277
[debug/ast-stats]     - type::Member: 390
[debug/ast-stats]     - type::Name: 378
[debug/ast-stats]     - type::OperandList: 740
[debug/ast-stats]     - type::Optional: 339
[debug/ast-stats]     - type::String: 519
[debug/ast-stats]     - type::Tuple: 268
[debug/ast-stats]     - type::UnsignedInteger: 1276
[debug/ast-stats]     - type::Void: 251
[debug/ast-stats]     - type::operand_list::Operand: 1422
[debug/ast-stats]     - type::stream::Iterator: 755
[debug/ast-stats]     - type::stream::View: 409
[debug/ast-stats]     - type::tuple::Element: 598
[debug/ast-stats] garbage collected 23369 nodes in 18 rounds, 0 left retained
[debug/ast-stats] garbage collected 0 nodes in 1 round, 0 left retained
