### BTest baseline data generated by btest-diff. Do not edit. Use "btest -U/-u" to update. Requires BTest >= 0.63.
[debug/ast-stats] garbage collected 1085 nodes in 12 rounds, 8108 left retained
[debug/ast-stats] garbage collected 479 nodes in 11 rounds, 9309 left retained
[debug/ast-stats] garbage collected 170 nodes in 6 rounds, 9712 left retained
[debug/ast-stats] garbage collected 78 nodes in 3 rounds, 9712 left retained
[debug/ast-stats] garbage collected 78 nodes in 3 rounds, 9712 left retained
[debug/ast-stats] # [Spicy] AST statistics:
[debug/ast-stats]   - # AST rounds 5
[debug/ast-stats]   - max tree depth: 16
[debug/ast-stats]   - # context declarations: 67
[debug/ast-stats]   - # context types: 47
[debug/ast-stats]   - # context modules: 5
[debug/ast-stats]   - # nodes reachable in AST: 3150
[debug/ast-stats]   - # nodes live: 9712
[debug/ast-stats]   - # nodes retained: 9712
[debug/ast-stats]   - # nodes live > 1%:
[debug/ast-stats]     - Attribute: 169
[debug/ast-stats]     - AttributeSet: 335
[debug/ast-stats]     - QualifiedType: 3283
[debug/ast-stats]     - ctor::String: 119
[debug/ast-stats]     - declaration::Parameter: 133
[debug/ast-stats]     - expression::Ctor: 208
[debug/ast-stats]     - type::Bool: 157
[debug/ast-stats]     - type::Bytes: 149
[debug/ast-stats]     - type::Function: 132
[debug/ast-stats]     - type::Member: 175
[debug/ast-stats]     - type::OperandList: 668
[debug/ast-stats]     - type::String: 212
[debug/ast-stats]     - type::Unknown: 156
[debug/ast-stats]     - type::UnsignedInteger: 527
[debug/ast-stats]     - type::Void: 114
[debug/ast-stats]     - type::bytes::Iterator: 177
[debug/ast-stats]     - type::operand_list::Operand: 1250
[debug/ast-stats]     - type::stream::Iterator: 137
[debug/ast-stats] garbage collected 8966 nodes in 14 rounds, 21000 left retained
[debug/ast-stats] garbage collected 2310 nodes in 16 rounds, 24816 left retained
[debug/ast-stats] garbage collected 2346 nodes in 8 rounds, 26234 left retained
[debug/ast-stats] garbage collected 4594 nodes in 11 rounds, 27452 left retained
[debug/ast-stats] garbage collected 412 nodes in 3 rounds, 27452 left retained
[debug/ast-stats] # [HILTI] AST statistics:
[debug/ast-stats]   - # AST rounds 5
[debug/ast-stats]   - max tree depth: 27
[debug/ast-stats]   - # context declarations: 254
[debug/ast-stats]   - # context types: 55
[debug/ast-stats]   - # context modules: 8
[debug/ast-stats]   - # nodes reachable in AST: 18536
[debug/ast-stats]   - # nodes live: 27452
[debug/ast-stats]   - # nodes retained: 27452
[debug/ast-stats]   - # nodes live > 1%:
[debug/ast-stats]     - Attribute: 299
[debug/ast-stats]     - AttributeSet: 759
[debug/ast-stats]     - QualifiedType: 9081
[debug/ast-stats]     - declaration::Parameter: 394
[debug/ast-stats]     - expression::Ctor: 769
[debug/ast-stats]     - expression::Member: 314
[debug/ast-stats]     - expression::Name: 992
[debug/ast-stats]     - type::Bool: 338
[debug/ast-stats]     - type::Member: 542
[debug/ast-stats]     - type::Name: 520
[debug/ast-stats]     - type::OperandList: 796
[debug/ast-stats]     - type::Optional: 465
[debug/ast-stats]     - type::String: 438
[debug/ast-stats]     - type::Tuple: 324
[debug/ast-stats]     - type::UnsignedInteger: 1689
[debug/ast-stats]     - type::operand_list::Operand: 1550
[debug/ast-stats]     - type::stream::Iterator: 1012
[debug/ast-stats]     - type::stream::View: 546
[debug/ast-stats]     - type::tuple::Element: 673
[debug/ast-stats] garbage collected 7090 nodes in 13 rounds, 21388 left retained
[debug/ast-stats] # [HILTI] AST statistics:
[debug/ast-stats]   - # AST rounds 1
[debug/ast-stats]   - max tree depth: 26
[debug/ast-stats]   - # context declarations: 254
[debug/ast-stats]   - # context types: 55
[debug/ast-stats]   - # context modules: 8
[debug/ast-stats]   - # nodes reachable in AST: 11709
[debug/ast-stats]   - # nodes live: 21388
[debug/ast-stats]   - # nodes retained: 21388
[debug/ast-stats]   - # nodes live > 1%:
[debug/ast-stats]     - Attribute: 263
[debug/ast-stats]     - AttributeSet: 699
[debug/ast-stats]     - QualifiedType: 7204
[debug/ast-stats]     - ctor::String: 232
[debug/ast-stats]     - declaration::Parameter: 361
[debug/ast-stats]     - expression::Ctor: 611
[debug/ast-stats]     - expression::Name: 476
[debug/ast-stats]     - type::Bool: 275
[debug/ast-stats]     - type::Function: 223
[debug/ast-stats]     - type::Member: 318
[debug/ast-stats]     - type::Name: 457
[debug/ast-stats]     - type::OperandList: 796
[debug/ast-stats]     - type::Optional: 312
[debug/ast-stats]     - type::String: 414
[debug/ast-stats]     - type::UnsignedInteger: 1184
[debug/ast-stats]     - type::Void: 250
[debug/ast-stats]     - type::bytes::Iterator: 238
[debug/ast-stats]     - type::operand_list::Operand: 1550
[debug/ast-stats]     - type::stream::Iterator: 670
[debug/ast-stats]     - type::stream::View: 446
[debug/ast-stats]     - type::tuple::Element: 568
[debug/ast-stats] # [HILTI] AST statistics:
[debug/ast-stats]   - max tree depth: 26
[debug/ast-stats]   - # context declarations: 254
[debug/ast-stats]   - # context types: 55
[debug/ast-stats]   - # context modules: 8
[debug/ast-stats]   - # nodes reachable in AST: 11709
[debug/ast-stats]   - # nodes live: 21388
[debug/ast-stats]   - # nodes retained: 21388
[debug/ast-stats]   - # nodes live > 1%:
[debug/ast-stats]     - Attribute: 263
[debug/ast-stats]     - AttributeSet: 699
[debug/ast-stats]     - QualifiedType: 7204
[debug/ast-stats]     - ctor::String: 232
[debug/ast-stats]     - declaration::Parameter: 361
[debug/ast-stats]     - expression::Ctor: 611
[debug/ast-stats]     - expression::Name: 476
[debug/ast-stats]     - type::Bool: 275
[debug/ast-stats]     - type::Function: 223
[debug/ast-stats]     - type::Member: 318
[debug/ast-stats]     - type::Name: 457
[debug/ast-stats]     - type::OperandList: 796
[debug/ast-stats]     - type::Optional: 312
[debug/ast-stats]     - type::String: 414
[debug/ast-stats]     - type::UnsignedInteger: 1184
[debug/ast-stats]     - type::Void: 250
[debug/ast-stats]     - type::bytes::Iterator: 238
[debug/ast-stats]     - type::operand_list::Operand: 1550
[debug/ast-stats]     - type::stream::Iterator: 670
[debug/ast-stats]     - type::stream::View: 446
[debug/ast-stats]     - type::tuple::Element: 568
[debug/ast-stats] garbage collected 25156 nodes in 18 rounds, 0 left retained
[debug/ast-stats] garbage collected 0 nodes in 1 round, 0 left retained
